attempt 1: 1 pending
{
  "status": "ok",
  "message": "collected 0 review record(s); 1 task(s) still pending.",
  "sources": [
    {
      "platformId": "tripadvisor",
      "recordsAdded": 0,
      "duplicatesSkipped": 0,
      "tasksReady": 0,
      "tasksInQueue": 1,
      "tasksFailed": 0,
      "authErrors": 0,
      "parseMismatches": 0
    }
  ],
  "stillPending": 1
}
attempt 2: 1 pending
{
  "status": "ok",
  "message": "collected 0 review record(s); 1 task(s) still pending.",
  "sources": [
    {
      "platformId": "tripadvisor",
      "recordsAdded": 0,
      "duplicatesSkipped": 0,
      "tasksReady": 0,
      "tasksInQueue": 1,
      "tasksFailed": 0,
      "authErrors": 0,
      "parseMismatches": 0
    }
  ],
  "stillPending": 1
}
attempt 3: 1 pending
{
  "status": "ok",
  "message": "collected 1215 review record(s); 0 task(s) still pending.",
  "sources": [
    {
      "platformId": "tripadvisor",
      "recordsAdded": 1215,
      "duplicatesSkipped": 0,
      "reviewsAvailable": 1215,
      "tasksReady": 1,
      "tasksInQueue": 0,
      "tasksFailed": 0,
      "authErrors": 0,
      "parseMismatches": 0
    }
  ],
  "stillPending": 0
}
remaining=0
